IQ-TREE multicore version 2.4.0 for MacOS Intel 64-bit built Feb 12 2025
Developed by Bui Quang Minh, Nguyen Lam Tung, Olga Chernomor, Heiko Schmidt,
Dominik Schrempf, Michael Woodhams, Ly Trong Nhan, Thomas Wong

Host:    lm9-978-001a.fmnh.helsinki.fi (SSE4.2, 64 GB RAM)
Command: iqtree -s morphology.phy -m MK+G+ASC -g phylo.tre --prefix ml-morpho
Seed:    162973 (Using SPRNG - Scalable Parallel Random Number Generator)
Time:    Wed Dec 10 14:25:58 2025
Kernel:  SSE2 - 1 threads (12 CPU cores detected)

HINT: Use -nt option to specify number of threads because your CPU has 12 cores!
HINT: -nt AUTO will automatically determine the best number of threads to use.

Reading alignment file morphology.phy ... Phylip format detected
Alignment most likely contains 8-state morphological data
Alignment has 77 sequences with 366 columns, 351 distinct patterns
352 parsimony-informative, 14 singleton sites, 0 constant sites
                                            Gap/Ambiguity  Composition  p-value
Analyzing sequences: done in 4.50611e-05 secs using 82.11% CPU
   1  Eucharis_adscendens_JRAS07609_0189           86.61%    passed     20.01%
   2  Cleonymus_sp_JRAS07458_0689                  22.68%    passed     97.57%
   3  Megastigmus_transvaalensis_USNMENT01322090    6.56%    passed     69.96%
   4  Eurytoma_obtusiventris_USNMENT01339653       25.96%    passed     76.45%
   5  Acanthochalcis_nigricans_USNMENT01322190     22.68%    passed     97.92%
   6  Nasonia_vitripennis_USNMENT01322105          23.22%    passed     80.12%
   7  Tetracampe_sp_JRAS07821_0101                 84.97%    passed     98.08%
   8  Elasmus_albizziae_USNMENT01322182            30.33%    passed     98.71%
   9  Coccophagus_sp1_USNMENT01231210              25.14%    passed     95.49%
  10  Coccobius_sp1_USNMENT01231205                80.60%    passed     41.88%
  11  Chiloe_micropteron_JRAS07627_0189            87.98%    passed     95.78%
  12  Cosmocomoidea_morrilli_USNMENT01322077       10.11%    passed     94.11%
  13  Anagrus_sp_USNMENT01322527                   88.52%    passed     10.42%
  14  Mymaromma_anomalum_JRAS07601_0189            37.98%    passed     98.09%
  15  Belyta_sp_USNMENT01322343                     5.46%    passed     92.77%
  16  Propsilomma_columbianum_USNMENT01322336      29.78%    passed     87.21%
  17  Ismarus_sp_USNMENT01197715                   41.26%    passed     81.42%
  18  Monomachus_sp_USNMENT01322359                 3.83%    passed     99.35%
  19  Ropronia_garmani_USNMENT0653896               5.19%    passed     98.09%
  20  Proctotrupes_sp1_USNMENT01322351              9.84%    passed     72.60%
  21  Afroserphus_masneri_USNMENT00896672          28.42%    passed     77.21%
  22  Vanhornia_eucnemidarum_EX498                  6.01%    passed     95.71%
  23  Helorus_ruficornis_USNMENT0653897             4.37%    passed     91.50%
  24  Pelecinus_sp_EX451                            5.19%    passed     96.73%
  25  Proplatygaster_sp_USNMENT01109879            25.14%    passed     83.17%
  26  Nanomerus_spinulus_USNMENT01197953           39.07%    passed     82.20%
  27  Archaeoteleia_mellea_OSUC_203348              6.56%    passed     97.24%
  28  Trissolcus_sp_USNMENT01223831                28.42%    passed     40.92%
  29  Periclistus_sp1_USNMENT01322291              21.31%    failed      1.19%
  30  Melanips_sp_USNMENT01322150                  25.96%    failed      1.12%
  31  Ibalia_anceps_USNMENT00653903                 5.46%    passed     68.14%
  32  Anacharis_sp_USNMENT01339612                 25.96%    failed      0.60%
  33  Parnips_nigripes_USNMENT01322129             28.42%    passed     76.61%
  34  Diplolepis_bicolor_USNMENT01322275            7.65%    passed     96.14%
  35  Sphex_jamaicensis_EX405                      20.77%    passed     80.21%
  36  Pison_chilense_BND1250                        7.10%    passed     99.27%
  37  Sapyga_pumila_HPG8                            7.38%    passed     67.78%
  38  Metapolybia_cingulata_HPG10                  20.49%    failed      0.00%
  39  Rhopalosoma_nearcticum_EX457                 32.51%    passed     86.73%
  40  Epyris_sp1_EX562                             26.23%    passed     91.16%
  41  Orthogonalys_pulchella_USNMENT01322215        3.55%    passed     94.58%
  42  Megalyridae_sp_USNMENT01339662                4.64%    passed      6.10%
  43  Evaniella_semaeoda_USNMENT01322217           17.21%    passed     98.08%
  44  Evania_albofacialis_PSUC_FEM188504            3.83%    passed     74.76%
  45  Brachygaster_BRV003_PSUC_FEM188507           18.58%    passed     98.10%
  46  Gasteruption_assectator_USNMENT01322227      21.04%    passed     34.85%
  47  Pristaulacus_stigmaterus_USNMENT01322229      3.55%    passed     99.85%
  48  Aulacus_burquei_USNMENT01339672              19.40%    passed     76.44%
  49  Megischus_mexicanus_USNMENT01339669           9.02%    passed     97.72%
  50  Lagynodes_crassicornis_PSUC_FEM13564         37.16%    passed     94.74%
  51  Megaspilus_armatus_PSUC_FEM13531             13.66%    passed     96.86%
  52  Ceraphron_masneri_PSUC_FEM17531              41.80%    passed     77.60%
  53  Dusona_sp_BS_UCE_Ich410                      24.86%    passed     41.47%
  54  Phytodietus_pleuralis_BS_UCE_Ich315          29.78%    passed     44.62%
  55  Pleolophus_basizonus_BS_UCE_Ich113           26.23%    passed     85.49%
  56  Pimpla_aequalis_BS_UCE_Ich198                36.07%    passed     93.13%
  57  Labena_grallator_BS_UCE_Ich192               33.06%    passed     78.31%
  58  Wroughtonia_sp1_USNMENT01322502              21.31%    passed     18.32%
  59  Aleiodes_sp1_USNMENT01322233                 21.86%    passed     11.16%
  60  Rhysipolis_sp1_USNMENT01322603               26.50%    passed     35.94%
  61  Doryctes_erythromelas_USNMENT01322488        13.66%    passed     53.55%
  62  Orussus_terminalis_USNMENT01339620            8.47%    passed     96.07%
  63  Hartigia_trimaculata_USNMENT01339622         86.89%    failed      0.66%
  64  Janus_integer_USNMENT01339623                 5.74%    failed      4.56%
  65  Xiphydria_maculata_USNMENT01339666            6.28%    passed      6.64%
  66  Tremex_columba_USNMENT01322218               24.04%    failed      0.14%
  67  Sirex_noctilio_USNMENT01339665               88.25%    failed      0.00%
  68  Onycholyda_luteicornis_USNMENT01339624        6.28%    failed      3.98%
  69  Pamphilius_pullatus_USNMENT01339625          87.16%    passed      7.85%
  70  Xyela_bakeri_USNMENT01322230                 79.51%    failed      0.86%
  71  Xyela_sp_EX453                                6.83%    failed      0.00%
  72  Macrophya_trisyllaba_USNMENT01322226         93.99%    failed      0.02%
  73  Athalia_sp_USNMENT01339632                    5.46%    failed      1.03%
  74  Abia_lonicerae_USNMENT01322220               94.54%    failed      0.01%
  75  Atomacera_decepta_USNMENT01339630            94.26%    failed      0.01%
  76  Acordulecera_pellucida_USNMENT01322225       94.26%    failed      0.01%
  77  Lophyrotoma_zonalis_USNMENT01339631          30.33%    failed      0.00%
WARNING: 13 sequences contain more than 50% gaps/ambiguity
****  TOTAL                                        30.39%  17 sequences failed composition chi2 test (p-value<5%; df=7)
Reading constraint tree phylo.tre...
WARNING: Rooted constraint tree will be treated as unrooted tree
WARNING: States(s) 7 rarely appear in alignment and may cause numerical problems
Creating fast initial parsimony tree by random order stepwise addition...
WARNING: Constraint tree has all taxa and is bifurcating, which strictly enforces final tree!
0.002 seconds, parsimony score: 0 (based on 366 sites)

NOTE: 6 MB RAM (0 GB) is required!
Estimate model parameters (epsilon = 0.100)
1. Initial log-likelihood: -11036.467
2. Current log-likelihood: -10931.923
3. Current log-likelihood: -10930.309
Optimal log-likelihood: -10930.237
Gamma shape alpha: 1.084
Parameters optimization took 3 rounds (0.231 sec)
Wrote distance file to... 
--------------------------------------------------------------------
|             INITIALIZING CANDIDATE TREE SET                      |
--------------------------------------------------------------------
Generating 99 parsimony trees... WARNING: Constraint tree has all taxa and is bifurcating, which strictly enforces final tree!
WARNING: Constraint tree has all taxa and is bifurcating, which strictly enforces final tree!
WARNING: Constraint tree has all taxa and is bifurcating, which strictly enforces final tree!
WARNING: Constraint tree has all taxa and is bifurcating, which strictly enforces final tree!
WARNING: Constraint tree has all taxa and is bifurcating, which strictly enforces final tree!
WARNING: Constraint tree has all taxa and is bifurcating, which strictly enforces final tree!
WARNING: Constraint tree has all taxa and is bifurcating, which strictly enforces final tree!
WARNING: Constraint tree has all taxa and is bifurcating, which strictly enforces final tree!
WARNING: Constraint tree has all taxa and is bifurcating, which strictly enforces final tree!
WARNING: Constraint tree has all taxa and is bifurcating, which strictly enforces final tree!
WARNING: Constraint tree has all taxa and is bifurcating, which strictly enforces final tree!
WARNING: Constraint tree has all taxa and is bifurcating, which strictly enforces final tree!
WARNING: Constraint tree has all taxa and is bifurcating, which strictly enforces final tree!
WARNING: Constraint tree has all taxa and is bifurcating, which strictly enforces final tree!
WARNING: Constraint tree has all taxa and is bifurcating, which strictly enforces final tree!
WARNING: Constraint tree has all taxa and is bifurcating, which strictly enforces final tree!
WARNING: Constraint tree has all taxa and is bifurcating, which strictly enforces final tree!
WARNING: Constraint tree has all taxa and is bifurcating, which strictly enforces final tree!
WARNING: Constraint tree has all taxa and is bifurcating, which strictly enforces final tree!
WARNING: Constraint tree has all taxa and is bifurcating, which strictly enforces final tree!
WARNING: Constraint tree has all taxa and is bifurcating, which strictly enforces final tree!
WARNING: Constraint tree has all taxa and is bifurcating, which strictly enforces final tree!
WARNING: Constraint tree has all taxa and is bifurcating, which strictly enforces final tree!
WARNING: Constraint tree has all taxa and is bifurcating, which strictly enforces final tree!
WARNING: Constraint tree has all taxa and is bifurcating, which strictly enforces final tree!
WARNING: Constraint tree has all taxa and is bifurcating, which strictly enforces final tree!
WARNING: Constraint tree has all taxa and is bifurcating, which strictly enforces final tree!
WARNING: Constraint tree has all taxa and is bifurcating, which strictly enforces final tree!
WARNING: Constraint tree has all taxa and is bifurcating, which strictly enforces final tree!
WARNING: Constraint tree has all taxa and is bifurcating, which strictly enforces final tree!
WARNING: Constraint tree has all taxa and is bifurcating, which strictly enforces final tree!
WARNING: Constraint tree has all taxa and is bifurcating, which strictly enforces final tree!
WARNING: Constraint tree has all taxa and is bifurcating, which strictly enforces final tree!
WARNING: Constraint tree has all taxa and is bifurcating, which strictly enforces final tree!
WARNING: Constraint tree has all taxa and is bifurcating, which strictly enforces final tree!
WARNING: Constraint tree has all taxa and is bifurcating, which strictly enforces final tree!
WARNING: Constraint tree has all taxa and is bifurcating, which strictly enforces final tree!
WARNING: Constraint tree has all taxa and is bifurcating, which strictly enforces final tree!
WARNING: Constraint tree has all taxa and is bifurcating, which strictly enforces final tree!
WARNING: Constraint tree has all taxa and is bifurcating, which strictly enforces final tree!
WARNING: Constraint tree has all taxa and is bifurcating, which strictly enforces final tree!
WARNING: Constraint tree has all taxa and is bifurcating, which strictly enforces final tree!
WARNING: Constraint tree has all taxa and is bifurcating, which strictly enforces final tree!
WARNING: Constraint tree has all taxa and is bifurcating, which strictly enforces final tree!
WARNING: Constraint tree has all taxa and is bifurcating, which strictly enforces final tree!
WARNING: Constraint tree has all taxa and is bifurcating, which strictly enforces final tree!
WARNING: Constraint tree has all taxa and is bifurcating, which strictly enforces final tree!
WARNING: Constraint tree has all taxa and is bifurcating, which strictly enforces final tree!
WARNING: Constraint tree has all taxa and is bifurcating, which strictly enforces final tree!
WARNING: Constraint tree has all taxa and is bifurcating, which strictly enforces final tree!
WARNING: Constraint tree has all taxa and is bifurcating, which strictly enforces final tree!
WARNING: Constraint tree has all taxa and is bifurcating, which strictly enforces final tree!
WARNING: Constraint tree has all taxa and is bifurcating, which strictly enforces final tree!
WARNING: Constraint tree has all taxa and is bifurcating, which strictly enforces final tree!
WARNING: Constraint tree has all taxa and is bifurcating, which strictly enforces final tree!
WARNING: Constraint tree has all taxa and is bifurcating, which strictly enforces final tree!
WARNING: Constraint tree has all taxa and is bifurcating, which strictly enforces final tree!
WARNING: Constraint tree has all taxa and is bifurcating, which strictly enforces final tree!
WARNING: Constraint tree has all taxa and is bifurcating, which strictly enforces final tree!
WARNING: Constraint tree has all taxa and is bifurcating, which strictly enforces final tree!
WARNING: Constraint tree has all taxa and is bifurcating, which strictly enforces final tree!
WARNING: Constraint tree has all taxa and is bifurcating, which strictly enforces final tree!
WARNING: Constraint tree has all taxa and is bifurcating, which strictly enforces final tree!
WARNING: Constraint tree has all taxa and is bifurcating, which strictly enforces final tree!
WARNING: Constraint tree has all taxa and is bifurcating, which strictly enforces final tree!
WARNING: Constraint tree has all taxa and is bifurcating, which strictly enforces final tree!
WARNING: Constraint tree has all taxa and is bifurcating, which strictly enforces final tree!
WARNING: Constraint tree has all taxa and is bifurcating, which strictly enforces final tree!
WARNING: Constraint tree has all taxa and is bifurcating, which strictly enforces final tree!
WARNING: Constraint tree has all taxa and is bifurcating, which strictly enforces final tree!
WARNING: Constraint tree has all taxa and is bifurcating, which strictly enforces final tree!
WARNING: Constraint tree has all taxa and is bifurcating, which strictly enforces final tree!
WARNING: Constraint tree has all taxa and is bifurcating, which strictly enforces final tree!
WARNING: Constraint tree has all taxa and is bifurcating, which strictly enforces final tree!
WARNING: Constraint tree has all taxa and is bifurcating, which strictly enforces final tree!
WARNING: Constraint tree has all taxa and is bifurcating, which strictly enforces final tree!
WARNING: Constraint tree has all taxa and is bifurcating, which strictly enforces final tree!
WARNING: Constraint tree has all taxa and is bifurcating, which strictly enforces final tree!
WARNING: Constraint tree has all taxa and is bifurcating, which strictly enforces final tree!
WARNING: Constraint tree has all taxa and is bifurcating, which strictly enforces final tree!
WARNING: Constraint tree has all taxa and is bifurcating, which strictly enforces final tree!
WARNING: Constraint tree has all taxa and is bifurcating, which strictly enforces final tree!
WARNING: Constraint tree has all taxa and is bifurcating, which strictly enforces final tree!
WARNING: Constraint tree has all taxa and is bifurcating, which strictly enforces final tree!
WARNING: Constraint tree has all taxa and is bifurcating, which strictly enforces final tree!
WARNING: Constraint tree has all taxa and is bifurcating, which strictly enforces final tree!
WARNING: Constraint tree has all taxa and is bifurcating, which strictly enforces final tree!
WARNING: Constraint tree has all taxa and is bifurcating, which strictly enforces final tree!
WARNING: Constraint tree has all taxa and is bifurcating, which strictly enforces final tree!
WARNING: Constraint tree has all taxa and is bifurcating, which strictly enforces final tree!
WARNING: Constraint tree has all taxa and is bifurcating, which strictly enforces final tree!
WARNING: Constraint tree has all taxa and is bifurcating, which strictly enforces final tree!
WARNING: Constraint tree has all taxa and is bifurcating, which strictly enforces final tree!
WARNING: Constraint tree has all taxa and is bifurcating, which strictly enforces final tree!
WARNING: Constraint tree has all taxa and is bifurcating, which strictly enforces final tree!
WARNING: Constraint tree has all taxa and is bifurcating, which strictly enforces final tree!
WARNING: Constraint tree has all taxa and is bifurcating, which strictly enforces final tree!
WARNING: Constraint tree has all taxa and is bifurcating, which strictly enforces final tree!
WARNING: Constraint tree has all taxa and is bifurcating, which strictly enforces final tree!
0.191 second
Current best score: -10930.237

Do NNI search on 1 best initial trees
Finish initializing candidate tree set (1)
Current best tree score: -10930.237 / CPU time: 0.200
Number of iterations: 1
--------------------------------------------------------------------
|               OPTIMIZING CANDIDATE TREE SET                      |
--------------------------------------------------------------------
Iteration 10 / LogL: -10930.237 / Time: 0h:0m:0s
Iteration 20 / LogL: -10930.237 / Time: 0h:0m:0s
Iteration 30 / LogL: -10930.237 / Time: 0h:0m:0s (0h:0m:1s left)
Iteration 40 / LogL: -10930.237 / Time: 0h:0m:0s (0h:0m:0s left)
Iteration 50 / LogL: -10930.237 / Time: 0h:0m:0s (0h:0m:0s left)
Iteration 60 / LogL: -10930.237 / Time: 0h:0m:0s (0h:0m:0s left)
Iteration 70 / LogL: -10930.237 / Time: 0h:0m:0s (0h:0m:0s left)
Iteration 80 / LogL: -10930.237 / Time: 0h:0m:0s (0h:0m:0s left)
Iteration 90 / LogL: -10930.237 / Time: 0h:0m:0s (0h:0m:0s left)
Iteration 100 / LogL: -10930.237 / Time: 0h:0m:0s (0h:0m:0s left)
TREE SEARCH COMPLETED AFTER 101 ITERATIONS / Time: 0h:0m:0s

--------------------------------------------------------------------
|                    FINALIZING TREE SEARCH                        |
--------------------------------------------------------------------
Performs final model parameters optimization
Estimate model parameters (epsilon = 0.010)
1. Initial log-likelihood: -10930.237
2. Current log-likelihood: -10930.222
Optimal log-likelihood: -10930.209
Gamma shape alpha: 1.107
Parameters optimization took 2 rounds (0.081 sec)
BEST SCORE FOUND : -10930.209
Total tree length: 6.183

Total number of iterations: 101
CPU time used for tree search: 0.732 sec (0h:0m:0s)
Wall-clock time used for tree search: 0.736 sec (0h:0m:0s)
Total CPU time used: 1.050 sec (0h:0m:1s)
Total wall-clock time used: 1.062 sec (0h:0m:1s)

Analysis results written to: 
  IQ-TREE report:                ml-morpho.iqtree
  Maximum-likelihood tree:       ml-morpho.treefile
  Screen log file:               ml-morpho.log

Date and Time: Wed Dec 10 14:25:59 2025
